[1] Logging in...
node : Test Error: 
TypeError: fetch failed
En línea: 1 Carácter: 1
+ node test-auth.js > 
test-results.txt 2>&1
+ ~~~~~~~~~~~~~~~~~~~~~
~~~~~~~~~~~~~~~~~~~~
    + CategoryInfo     
         : NotSpecifi  
  ed: (Test Error: T   
 ypeError: fetch fa    
iled:String) [], R    
emoteException
    + FullyQualifiedEr 
   rorId : NativeComm  
  andError
 
    at node:internal/de
ps/undici/undici:13510:
13
    at process.processT
icksAndRejections (node
:internal/process/task_
queues:105:5)
    at async testAuth (
C:\Users\paula\OneDrive
\Documentos\chronogest\
test-auth.js:6:22) {
  [cause]: 
AggregateError 
[ECONNREFUSED]: 
      at internalConnec
tMultiple 
(node:net:1134:18)
      at 
afterConnectMultiple 
(node:net:1715:7) {
    code: 
'ECONNREFUSED',
    [errors]: [ 
[Error], [Error] ]
  }
}
